py : WARNING:services.stock_service:yfinance not installed. Run: pip install yfinance
At line:1 char:1
+ py test_realtime.py > test_output.txt 2>&1; Get-Content test_output.t ...
+ ~~~~~~~~~~~~~~~~~~~~~~~~~~~~~~~~~~~~~~~~~~
    + CategoryInfo          : NotSpecified: (WARNING:service...nstall yfinance:String) [], RemoteExceptio 
   n
    + FullyQualifiedErrorId : NativeCommandError
 
INFO:services.stock_service:Stock service initialized with Yahoo Finance real-time data
INFO:services.stock_service:yfinance available: False
Traceback (most recent call last):
  File "C:\Users\User\Desktop\final-info\test_realtime.py", line 6, in <module>
    from services.stock_service import get_quote, get_company
ImportError: cannot import name 'get_quote' from 'services.stock_service' 
(C:\Users\User\Desktop\final-info\services\stock_service.py)
Error: cannot import name 'get_quote' from 'services.stock_service' (C:\Users\User\Desktop\final-info\services\stock_service.py)
